Archive member included because of file (symbol)

d:/program files (x86)/gnu tools arm embedded/4.8 2014q3/bin/../lib/gcc/arm-none-eabi/4.8.4/armv6-m\libgcc.a(_udivsi3.o)
                              ..\obj\stm32f0xx_rcc.o (__aeabi_uidiv)
d:/program files (x86)/gnu tools arm embedded/4.8 2014q3/bin/../lib/gcc/arm-none-eabi/4.8.4/armv6-m\libgcc.a(_dvmd_tls.o)
                              d:/program files (x86)/gnu tools arm embedded/4.8 2014q3/bin/../lib/gcc/arm-none-eabi/4.8.4/armv6-m\libgcc.a(_udivsi3.o) (__aeabi_idiv0)

Allocating common symbols
Common symbol       size              file

N                   0x3               ..\obj\main.o
x                   0x2               ..\obj\main.o
z                   0x2               ..\obj\main.o
G                   0x8               ..\obj\main.o
y                   0x2               ..\obj\main.o
E                   0x8               ..\obj\main.o
I                   0x1c              ..\obj\main.o

Discarded input sections

 .text          0x00000000        0x0 ..\obj\semihosting.o
 .data          0x00000000        0x0 ..\obj\semihosting.o
 .text.SH_SendString
                0x00000000       0x24 ..\obj\semihosting.o
 .text.SH_GetChar
                0x00000000       0x44 ..\obj\semihosting.o
 .text          0x00000000        0x0 ..\obj\stm32f0xx_rcc.o
 .data          0x00000000       0x10 ..\obj\stm32f0xx_rcc.o
 .bss           0x00000000        0x0 ..\obj\stm32f0xx_rcc.o
 .text.RCC_DeInit
                0x00000000       0x88 ..\obj\stm32f0xx_rcc.o
 .text.RCC_HSEConfig
                0x00000000       0x24 ..\obj\stm32f0xx_rcc.o
 .text.RCC_WaitForHSEStartUp
                0x00000000       0x60 ..\obj\stm32f0xx_rcc.o
 .text.RCC_AdjustHSICalibrationValue
                0x00000000       0x3c ..\obj\stm32f0xx_rcc.o
 .text.RCC_AdjustHSI14CalibrationValue
                0x00000000       0x3c ..\obj\stm32f0xx_rcc.o
 .text.RCC_HSI14Cmd
                0x00000000       0x38 ..\obj\stm32f0xx_rcc.o
 .text.RCC_HSI14ADCRequestCmd
                0x00000000       0x38 ..\obj\stm32f0xx_rcc.o
 .text.RCC_LSEConfig
                0x00000000       0x38 ..\obj\stm32f0xx_rcc.o
 .text.RCC_LSEDriveConfig
                0x00000000       0x2c ..\obj\stm32f0xx_rcc.o
 .text.RCC_LSICmd
                0x00000000       0x38 ..\obj\stm32f0xx_rcc.o
 .text.RCC_PLLConfig
                0x00000000       0x34 ..\obj\stm32f0xx_rcc.o
 .text.RCC_PLLCmd
                0x00000000       0x40 ..\obj\stm32f0xx_rcc.o
 .text.RCC_PREDIV1Config
                0x00000000       0x34 ..\obj\stm32f0xx_rcc.o
 .text.RCC_ClockSecuritySystemCmd
                0x00000000       0x40 ..\obj\stm32f0xx_rcc.o
 .text.RCC_MCOConfig
                0x00000000       0x20 ..\obj\stm32f0xx_rcc.o
 .text.RCC_GetSYSCLKSource
                0x00000000       0x1c ..\obj\stm32f0xx_rcc.o
 .text.RCC_HCLKConfig
                0x00000000       0x34 ..\obj\stm32f0xx_rcc.o
 .text.RCC_PCLKConfig
                0x00000000       0x38 ..\obj\stm32f0xx_rcc.o
 .text.RCC_ADCCLKConfig
                0x00000000       0x50 ..\obj\stm32f0xx_rcc.o
 .text.RCC_CECCLKConfig
                0x00000000       0x2c ..\obj\stm32f0xx_rcc.o
 .text.RCC_I2CCLKConfig
                0x00000000       0x2c ..\obj\stm32f0xx_rcc.o
 .text.RCC_USARTCLKConfig
                0x00000000       0x2c ..\obj\stm32f0xx_rcc.o
 .text.RCC_GetClocksFreq
                0x00000000      0x1cc ..\obj\stm32f0xx_rcc.o
 .text.RCC_RTCCLKConfig
                0x00000000       0x20 ..\obj\stm32f0xx_rcc.o
 .text.RCC_RTCCLKCmd
                0x00000000       0x40 ..\obj\stm32f0xx_rcc.o
 .text.RCC_BackupResetCmd
                0x00000000       0x40 ..\obj\stm32f0xx_rcc.o
 .text.RCC_APB2PeriphClockCmd
                0x00000000       0x3c ..\obj\stm32f0xx_rcc.o
 .text.RCC_AHBPeriphResetCmd
                0x00000000       0x3c ..\obj\stm32f0xx_rcc.o
 .text.RCC_APB2PeriphResetCmd
                0x00000000       0x3c ..\obj\stm32f0xx_rcc.o
 .text.RCC_APB1PeriphResetCmd
                0x00000000       0x3c ..\obj\stm32f0xx_rcc.o
 .text.RCC_ITConfig
                0x00000000       0x50 ..\obj\stm32f0xx_rcc.o
 .text.RCC_ClearFlag
                0x00000000       0x1c ..\obj\stm32f0xx_rcc.o
 .text.RCC_GetITStatus
                0x00000000       0x44 ..\obj\stm32f0xx_rcc.o
 .text.RCC_ClearITPendingBit
                0x00000000       0x20 ..\obj\stm32f0xx_rcc.o
 .text          0x00000000        0x0 ..\obj\main.o
 .data          0x00000000        0x0 ..\obj\main.o
 .text.H_BlockingReadReg
                0x00000000      0x130 ..\obj\main.o
 .text          0x00000000       0x14 ..\obj\startup_stm32f0xx.o
 .data          0x00000000        0x0 ..\obj\startup_stm32f0xx.o
 .bss           0x00000000        0x0 ..\obj\startup_stm32f0xx.o
 .text          0x00000000        0x0 ..\obj\printf.o
 .bss           0x00000000        0x0 ..\obj\printf.o
 .text.snprintf
                0x00000000       0x34 ..\obj\printf.o
 .text.fprintf  0x00000000       0x34 ..\obj\printf.o
 .text.sprintf  0x00000000       0x34 ..\obj\printf.o
 .text.puts     0x00000000       0x28 ..\obj\printf.o
 .text          0x00000000        0x0 ..\obj\stm32f0xx_i2c.o
 .data          0x00000000        0x0 ..\obj\stm32f0xx_i2c.o
 .bss           0x00000000        0x0 ..\obj\stm32f0xx_i2c.o
 .text.I2C_DeInit
                0x00000000       0x4c ..\obj\stm32f0xx_i2c.o
 .text.I2C_StructInit
                0x00000000       0x3c ..\obj\stm32f0xx_i2c.o
 .text.I2C_SoftwareResetCmd
                0x00000000       0x30 ..\obj\stm32f0xx_i2c.o
 .text.I2C_StretchClockCmd
                0x00000000       0x3c ..\obj\stm32f0xx_i2c.o
 .text.I2C_StopModeCmd
                0x00000000       0x3c ..\obj\stm32f0xx_i2c.o
 .text.I2C_DualAddressCmd
                0x00000000       0x3c ..\obj\stm32f0xx_i2c.o
 .text.I2C_OwnAddress2Config
                0x00000000       0x50 ..\obj\stm32f0xx_i2c.o
 .text.I2C_GeneralCallCmd
                0x00000000       0x3c ..\obj\stm32f0xx_i2c.o
 .text.I2C_SlaveByteControlCmd
                0x00000000       0x3c ..\obj\stm32f0xx_i2c.o
 .text.I2C_SlaveAddressConfig
                0x00000000       0x3c ..\obj\stm32f0xx_i2c.o
 .text.I2C_10BitAddressingModeCmd
                0x00000000       0x3c ..\obj\stm32f0xx_i2c.o
 .text.I2C_AutoEndCmd
                0x00000000       0x3c ..\obj\stm32f0xx_i2c.o
 .text.I2C_ReloadCmd
                0x00000000       0x3c ..\obj\stm32f0xx_i2c.o
 .text.I2C_NumberOfBytesConfig
                0x00000000       0x44 ..\obj\stm32f0xx_i2c.o
 .text.I2C_MasterRequestConfig
                0x00000000       0x3c ..\obj\stm32f0xx_i2c.o
 .text.I2C_GenerateSTART
                0x00000000       0x3c ..\obj\stm32f0xx_i2c.o
 .text.I2C_GenerateSTOP
                0x00000000       0x3c ..\obj\stm32f0xx_i2c.o
 .text.I2C_10BitAddressHeaderCmd
                0x00000000       0x3c ..\obj\stm32f0xx_i2c.o
 .text.I2C_AcknowledgeConfig
                0x00000000       0x3c ..\obj\stm32f0xx_i2c.o
 .text.I2C_GetAddressMatched
                0x00000000       0x20 ..\obj\stm32f0xx_i2c.o
 .text.I2C_GetTransferDirection
                0x00000000       0x48 ..\obj\stm32f0xx_i2c.o
 .text.I2C_SMBusAlertCmd
                0x00000000       0x3c ..\obj\stm32f0xx_i2c.o
 .text.I2C_ClockTimeoutCmd
                0x00000000       0x3c ..\obj\stm32f0xx_i2c.o
 .text.I2C_ExtendedClockTimeoutCmd
                0x00000000       0x38 ..\obj\stm32f0xx_i2c.o
 .text.I2C_IdleClockTimeoutCmd
                0x00000000       0x3c ..\obj\stm32f0xx_i2c.o
 .text.I2C_TimeoutAConfig
                0x00000000       0x3c ..\obj\stm32f0xx_i2c.o
 .text.I2C_TimeoutBConfig
                0x00000000       0x44 ..\obj\stm32f0xx_i2c.o
 .text.I2C_CalculatePEC
                0x00000000       0x3c ..\obj\stm32f0xx_i2c.o
 .text.I2C_PECRequestCmd
                0x00000000       0x3c ..\obj\stm32f0xx_i2c.o
 .text.I2C_GetPEC
                0x00000000       0x18 ..\obj\stm32f0xx_i2c.o
 .text.I2C_ReadRegister
                0x00000000       0x2c ..\obj\stm32f0xx_i2c.o
 .text.I2C_DMACmd
                0x00000000       0x38 ..\obj\stm32f0xx_i2c.o
 .text          0x00000000        0x0 ..\obj\system_stm32f0xx_temp.o
 .data          0x00000000       0x14 ..\obj\system_stm32f0xx_temp.o
 .bss           0x00000000        0x0 ..\obj\system_stm32f0xx_temp.o
 .text.SystemCoreClockUpdate1
                0x00000000       0xd0 ..\obj\system_stm32f0xx_temp.o
 .text          0x00000000        0x0 ..\obj\stm32f0xx_gpio.o
 .data          0x00000000        0x0 ..\obj\stm32f0xx_gpio.o
 .bss           0x00000000        0x0 ..\obj\stm32f0xx_gpio.o
 .text.GPIO_DeInit
                0x00000000       0xc8 ..\obj\stm32f0xx_gpio.o
 .text.GPIO_StructInit
                0x00000000       0x30 ..\obj\stm32f0xx_gpio.o
 .text.GPIO_PinLockConfig
                0x00000000       0x44 ..\obj\stm32f0xx_gpio.o
 .text.GPIO_ReadInputDataBit
                0x00000000       0x48 ..\obj\stm32f0xx_gpio.o
 .text.GPIO_ReadInputData
                0x00000000       0x18 ..\obj\stm32f0xx_gpio.o
 .text.GPIO_ReadOutputDataBit
                0x00000000       0x48 ..\obj\stm32f0xx_gpio.o
 .text.GPIO_ReadOutputData
                0x00000000       0x18 ..\obj\stm32f0xx_gpio.o
 .text.GPIO_SetBits
                0x00000000       0x1c ..\obj\stm32f0xx_gpio.o
 .text.GPIO_ResetBits
                0x00000000       0x1c ..\obj\stm32f0xx_gpio.o
 .text.GPIO_WriteBit
                0x00000000       0x30 ..\obj\stm32f0xx_gpio.o
 .text.GPIO_Write
                0x00000000       0x1c ..\obj\stm32f0xx_gpio.o
 .data          0x00000000        0x0 ..\obj\sh_cmd.o
 .bss           0x00000000        0x0 ..\obj\sh_cmd.o
 .text          0x00000000        0x0 ..\obj\stm32f0xx_exti.o
 .data          0x00000000        0x0 ..\obj\stm32f0xx_exti.o
 .bss           0x00000000        0x0 ..\obj\stm32f0xx_exti.o
 .text.EXTI_DeInit
                0x00000000       0x34 ..\obj\stm32f0xx_exti.o
 .text.EXTI_StructInit
                0x00000000       0x28 ..\obj\stm32f0xx_exti.o
 .text.EXTI_GenerateSWInterrupt
                0x00000000       0x20 ..\obj\stm32f0xx_exti.o
 .text.EXTI_GetFlagStatus
                0x00000000       0x40 ..\obj\stm32f0xx_exti.o
 .text.EXTI_ClearFlag
                0x00000000       0x18 ..\obj\stm32f0xx_exti.o
 .text          0x00000000        0x0 ..\obj\stm32f0xx_syscfg.o
 .data          0x00000000        0x0 ..\obj\stm32f0xx_syscfg.o
 .bss           0x00000000        0x0 ..\obj\stm32f0xx_syscfg.o
 .text.SYSCFG_DeInit
                0x00000000       0x40 ..\obj\stm32f0xx_syscfg.o
 .text.SYSCFG_MemoryRemapConfig
                0x00000000       0x34 ..\obj\stm32f0xx_syscfg.o
 .text.SYSCFG_DMAChannelRemapConfig
                0x00000000       0x3c ..\obj\stm32f0xx_syscfg.o
 .text.SYSCFG_I2CFastModePlusConfig
                0x00000000       0x3c ..\obj\stm32f0xx_syscfg.o
 .text.SYSCFG_BreakConfig
                0x00000000       0x20 ..\obj\stm32f0xx_syscfg.o
 .text.SYSCFG_GetFlagStatus
                0x00000000       0x40 ..\obj\stm32f0xx_syscfg.o
 .text.SYSCFG_ClearFlag
                0x00000000       0x20 ..\obj\stm32f0xx_syscfg.o
 .text          0x00000000        0x0 ..\obj\stm32f0xx_misc.o
 .data          0x00000000        0x0 ..\obj\stm32f0xx_misc.o
 .bss           0x00000000        0x0 ..\obj\stm32f0xx_misc.o
 .text.NVIC_SystemLPConfig
                0x00000000       0x44 ..\obj\stm32f0xx_misc.o
 .text.SysTick_CLKSourceConfig
                0x00000000       0x34 ..\obj\stm32f0xx_misc.o
 .data          0x00000000        0x0 d:/program files (x86)/gnu tools arm embedded/4.8 2014q3/bin/../lib/gcc/arm-none-eabi/4.8.4/armv6-m\libgcc.a(_udivsi3.o)
 .bss           0x00000000        0x0 d:/program files (x86)/gnu tools arm embedded/4.8 2014q3/bin/../lib/gcc/arm-none-eabi/4.8.4/armv6-m\libgcc.a(_udivsi3.o)
 .data          0x00000000        0x0 d:/program files (x86)/gnu tools arm embedded/4.8 2014q3/bin/../lib/gcc/arm-none-eabi/4.8.4/armv6-m\libgcc.a(_dvmd_tls.o)
 .bss           0x00000000        0x0 d:/program files (x86)/gnu tools arm embedded/4.8 2014q3/bin/../lib/gcc/arm-none-eabi/4.8.4/armv6-m\libgcc.a(_dvmd_tls.o)

Memory Configuration

Name             Origin             Length             Attributes
rom              0x08000000         0x00010000         xr
ram              0x20000000         0x00002000         xrw
*default*        0x00000000         0xffffffff

Linker script and memory map

                0x20002000                _eram = 0x20002000

.text           0x08000000     0x1834
 *(.isr_vector)
 .isr_vector    0x08000000       0xc4 ..\obj\startup_stm32f0xx.o
                0x08000000                g_pfnVectors
 *(.text*)
 .text.SH_SendChar
                0x080000c4       0x64 ..\obj\semihosting.o
                0x080000c4                SH_SendChar
 .text.RCC_HSICmd
                0x08000128       0x38 ..\obj\stm32f0xx_rcc.o
                0x08000128                RCC_HSICmd
 .text.RCC_SYSCLKConfig
                0x08000160       0x34 ..\obj\stm32f0xx_rcc.o
                0x08000160                RCC_SYSCLKConfig
 .text.RCC_AHBPeriphClockCmd
                0x08000194       0x3c ..\obj\stm32f0xx_rcc.o
                0x08000194                RCC_AHBPeriphClockCmd
 .text.RCC_APB1PeriphClockCmd
                0x080001d0       0x3c ..\obj\stm32f0xx_rcc.o
                0x080001d0                RCC_APB1PeriphClockCmd
 .text.RCC_GetFlagStatus
                0x0800020c       0x90 ..\obj\stm32f0xx_rcc.o
                0x0800020c                RCC_GetFlagStatus
 .text.H_BlockingWriteReg
                0x0800029c      0x12c ..\obj\main.o
                0x0800029c                H_BlockingWriteReg
 .text.I2C1_IRQHandler
                0x080003c8      0x11c ..\obj\main.o
                0x080003c8                I2C1_IRQHandler
 .text.EXTI0_1_IRQHandler
                0x080004e4       0x40 ..\obj\main.o
                0x080004e4                EXTI0_1_IRQHandler
 .text.main     0x08000524      0x200 ..\obj\main.o
                0x08000524                main
 .text.Reset_Handler
                0x08000724       0x4c ..\obj\startup_stm32f0xx.o
                0x08000724                Reset_Handler
 .text.Default_Handler
                0x08000770        0x2 ..\obj\startup_stm32f0xx.o
                0x08000770                TIM1_CC_IRQHandler
                0x08000770                ADC1_COMP_IRQHandler
                0x08000770                SysTick_Handler
                0x08000770                PVD_IRQHandler
                0x08000770                PendSV_Handler
                0x08000770                NMI_Handler
                0x08000770                SPI1_IRQHandler
                0x08000770                TIM6_DAC_IRQHandler
                0x08000770                EXTI2_3_IRQHandler
                0x08000770                I2C2_IRQHandler
                0x08000770                TIM17_IRQHandler
                0x08000770                RTC_IRQHandler
                0x08000770                TIM16_IRQHandler
                0x08000770                TIM3_IRQHandler
                0x08000770                EXTI4_15_IRQHandler
                0x08000770                RCC_IRQHandler
                0x08000770                DMA1_Channel1_IRQHandler
                0x08000770                Default_Handler
                0x08000770                CEC_IRQHandler
                0x08000770                TIM14_IRQHandler
                0x08000770                DMA1_Channel4_5_IRQHandler
                0x08000770                TIM15_IRQHandler
                0x08000770                SPI2_IRQHandler
                0x08000770                SVC_Handler
                0x08000770                TS_IRQHandler
                0x08000770                WWDG_IRQHandler
                0x08000770                TIM2_IRQHandler
                0x08000770                DMA1_Channel2_3_IRQHandler
                0x08000770                USART2_IRQHandler
                0x08000770                FLASH_IRQHandler
                0x08000770                USART1_IRQHandler
                0x08000770                TIM1_BRK_UP_TRG_COM_IRQHandler
 *fill*         0x08000772        0x2 
 .text.PrintChar
                0x08000774       0x1c ..\obj\printf.o
                0x08000774                PrintChar
 .text.PutChar  0x08000790       0x20 ..\obj\printf.o
                0x08000790                PutChar
 .text.PutString
                0x080007b0       0x38 ..\obj\printf.o
                0x080007b0                PutString
 .text.PutUnsignedInt
                0x080007e8       0xa4 ..\obj\printf.o
                0x080007e8                PutUnsignedInt
 .text.PutSignedInt
                0x0800088c      0x10c ..\obj\printf.o
                0x0800088c                PutSignedInt
 .text.PutHexa  0x08000998       0xf0 ..\obj\printf.o
                0x08000998                PutHexa
 .text.vsnprintf
                0x08000a88      0x224 ..\obj\printf.o
                0x08000a88                vsnprintf
 .text.vsprintf
                0x08000cac       0x24 ..\obj\printf.o
                0x08000cac                vsprintf
 .text.vfprintf
                0x08000cd0       0x6c ..\obj\printf.o
                0x08000cd0                vfprintf
 .text.vprintf  0x08000d3c       0x2c ..\obj\printf.o
                0x08000d3c                vprintf
 .text.printf   0x08000d68       0x30 ..\obj\printf.o
                0x08000d68                printf
 .text.fputc    0x08000d98       0x40 ..\obj\printf.o
                0x08000d98                fputc
 .text.fputs    0x08000dd8       0x4c ..\obj\printf.o
                0x08000dd8                fputs
 .text.I2C_Init
                0x08000e24       0xd0 ..\obj\stm32f0xx_i2c.o
                0x08000e24                I2C_Init
 .text.I2C_Cmd  0x08000ef4       0x3c ..\obj\stm32f0xx_i2c.o
                0x08000ef4                I2C_Cmd
 .text.I2C_ITConfig
                0x08000f30       0x38 ..\obj\stm32f0xx_i2c.o
                0x08000f30                I2C_ITConfig
 .text.I2C_TransferHandling
                0x08000f68       0x60 ..\obj\stm32f0xx_i2c.o
                0x08000f68                I2C_TransferHandling
 .text.I2C_SendData
                0x08000fc8       0x1c ..\obj\stm32f0xx_i2c.o
                0x08000fc8                I2C_SendData
 .text.I2C_ReceiveData
                0x08000fe4       0x18 ..\obj\stm32f0xx_i2c.o
                0x08000fe4                I2C_ReceiveData
 .text.I2C_GetFlagStatus
                0x08000ffc       0x4c ..\obj\stm32f0xx_i2c.o
                0x08000ffc                I2C_GetFlagStatus
 .text.I2C_ClearFlag
                0x08001048       0x18 ..\obj\stm32f0xx_i2c.o
                0x08001048                I2C_ClearFlag
 .text.I2C_GetITStatus
                0x08001060       0x88 ..\obj\stm32f0xx_i2c.o
                0x08001060                I2C_GetITStatus
 .text.I2C_ClearITPendingBit
                0x080010e8       0x18 ..\obj\stm32f0xx_i2c.o
                0x080010e8                I2C_ClearITPendingBit
 .text.SystemInit1
                0x08001100       0x8c ..\obj\system_stm32f0xx_temp.o
                0x08001100                SystemInit
                0x08001100                SystemInit1
 .text.SetSysClock1
                0x0800118c       0xe0 ..\obj\system_stm32f0xx_temp.o
                0x0800118c                SetSysClock
 .text.GPIO_Init
                0x0800126c      0x138 ..\obj\stm32f0xx_gpio.o
                0x0800126c                GPIO_Init
 .text.GPIO_PinAFConfig
                0x080013a4       0x9c ..\obj\stm32f0xx_gpio.o
                0x080013a4                GPIO_PinAFConfig
 .text          0x08001440       0x28 ..\obj\sh_cmd.o
                0x08001440                SH_DoCommand
                0x08001452                HardFault_Handler
 .text.EXTI_Init
                0x08001468       0xd8 ..\obj\stm32f0xx_exti.o
                0x08001468                EXTI_Init
 .text.EXTI_GetITStatus
                0x08001540       0x40 ..\obj\stm32f0xx_exti.o
                0x08001540                EXTI_GetITStatus
 .text.EXTI_ClearITPendingBit
                0x08001580       0x18 ..\obj\stm32f0xx_exti.o
                0x08001580                EXTI_ClearITPendingBit
 .text.SYSCFG_EXTILineConfig
                0x08001598       0x90 ..\obj\stm32f0xx_syscfg.o
                0x08001598                SYSCFG_EXTILineConfig
 .text.NVIC_Init
                0x08001628       0xac ..\obj\stm32f0xx_misc.o
                0x08001628                NVIC_Init
 .text          0x080016d4       0x9c d:/program files (x86)/gnu tools arm embedded/4.8 2014q3/bin/../lib/gcc/arm-none-eabi/4.8.4/armv6-m\libgcc.a(_udivsi3.o)
                0x080016d4                __aeabi_uidiv
                0x080016d4                __udivsi3
                0x0800175c                __aeabi_uidivmod
 .text          0x08001770        0x4 d:/program files (x86)/gnu tools arm embedded/4.8 2014q3/bin/../lib/gcc/arm-none-eabi/4.8.4/armv6-m\libgcc.a(_dvmd_tls.o)
                0x08001770                __aeabi_idiv0
                0x08001770                __aeabi_ldiv0
 *(.init)
 *(.fini)
 *crtbegin.o(.ctors)
 *crtbegin?.o(.ctors)
 *(EXCLUDE_FILE(*crtend.o *crtend?.o) .ctors)
 *(SORT(.ctors.*))
 *(.ctors)
 *crtbegin.o(.dtors)
 *crtbegin?.o(.dtors)
 *(EXCLUDE_FILE(*crtend.o *crtend?.o) .dtors)
 *(SORT(.dtors.*))
 *(.dtors)
 *(.rodata*)
 .rodata        0x08001774       0x18 ..\obj\main.o
 .rodata        0x0800178c       0xa8 ..\obj\printf.o
 *(.eh_fram e*)

.glue_7         0x08001834        0x0
 .glue_7        0x00000000        0x0 linker stubs

.glue_7t        0x08001834        0x0
 .glue_7t       0x00000000        0x0 linker stubs

.vfp11_veneer   0x08001834        0x0
 .vfp11_veneer  0x00000000        0x0 linker stubs

.v4_bx          0x08001834        0x0
 .v4_bx         0x00000000        0x0 linker stubs

.iplt           0x08001834        0x0
 .iplt          0x00000000        0x0 ..\obj\semihosting.o

.rel.dyn        0x08001834        0x0
 .rel.iplt      0x00000000        0x0 ..\obj\semihosting.o

.ARM.extab
 *(.ARM.extab* .gnu.linkonce.armextab.*)
                0x08001834                __exidx_start = .

.ARM.exidx
 *(.ARM.exidx* .gnu.linkonce.armexidx.*)
                0x08001834                __exidx_end = .
                0x08001834                __etext = .
                0x08001834                _sidata = __etext

.data           0x20000000      0x430 load address 0x08001834
                0x20000000                __data_start__ = .
                0x20000000                _sdata = __data_start__
 *(vtable)
 *(.data*)
 .data          0x20000000      0x430 ..\obj\printf.o
                0x20000000                r
                0x20000428                _impure_ptr
                0x20000430                . = ALIGN (0x4)
                0x20000430                PROVIDE (__preinit_array_start, .)
 *(.preinit_array)
                0x20000430                PROVIDE (__preinit_array_end, .)
                0x20000430                . = ALIGN (0x4)
                0x20000430                PROVIDE (__init_array_start, .)
 *(SORT(.init_array.*))
 *(.init_array)
                0x20000430                PROVIDE (__init_array_end, .)
                0x20000430                . = ALIGN (0x4)
                0x20000430                PROVIDE (__fini_array_start, .)
 *(SORT(.fini_array.*))
 *(.fini_array)
                0x20000430                PROVIDE (__fini_array_end, .)
 *(.jcr*)
                0x20000430                . = ALIGN (0x4)
                0x20000430                __data_end__ = .
                0x20000430                _edata = __data_end__

.igot.plt       0x20000430        0x0 load address 0x08001c64
 .igot.plt      0x00000000        0x0 ..\obj\semihosting.o

.bss            0x20000430       0x58 load address 0x08001c64
                0x20000430                . = ALIGN (0x4)
                0x20000430                __bss_start__ = .
                0x20000430                _sbss = __bss_start__
 *(.bss*)
 .bss           0x20000430       0x14 ..\obj\semihosting.o
 .bss           0x20000444        0xc ..\obj\main.o
                0x20000444                done
 *(COMMON)
 COMMON         0x20000450       0x38 ..\obj\main.o
                0x20000450                N
                0x20000454                x
                0x20000456                z
                0x20000458                G
                0x20000460                y
                0x20000464                E
                0x2000046c                I
                0x20000488                . = ALIGN (0x4)
                0x20000488                __bss_end__ = .
                0x20000488                _ebss = __bss_end__

.heap           0x20000488        0x0
                0x20000488                __end__ = .
                0x20000488                _end = __end__
                0x20000488                end = __end__
 *(.heap*)
                0x20000488                __HeapLimit = .

.co_stack       0x20000488        0x0
                0x20000488                . = ALIGN (0x8)
 *(.co_stack .co_stack.*)
                0x20002000                __StackTop = (ORIGIN (ram) + 0x2000)
                0x20002000                __StackLimit = (__StackTop - SIZEOF (.co_stack))
                0x20002000                PROVIDE (__stack, __StackTop)
                0x00000001                ASSERT ((__StackLimit >= __HeapLimit), region ram  overflowed with stack)
LOAD ..\obj\semihosting.o
LOAD ..\obj\stm32f0xx_rcc.o
LOAD ..\obj\main.o
LOAD ..\obj\startup_stm32f0xx.o
LOAD ..\obj\printf.o
LOAD ..\obj\stm32f0xx_i2c.o
LOAD ..\obj\system_stm32f0xx_temp.o
LOAD ..\obj\stm32f0xx_gpio.o
LOAD ..\obj\sh_cmd.o
LOAD ..\obj\stm32f0xx_exti.o
LOAD ..\obj\stm32f0xx_syscfg.o
LOAD ..\obj\stm32f0xx_misc.o
START GROUP
LOAD d:/program files (x86)/gnu tools arm embedded/4.8 2014q3/bin/../lib/gcc/arm-none-eabi/4.8.4/armv6-m\libgcc.a
LOAD d:/program files (x86)/gnu tools arm embedded/4.8 2014q3/bin/../lib/gcc/arm-none-eabi/4.8.4/../../../../arm-none-eabi/lib/armv6-m\libg.a
LOAD d:/program files (x86)/gnu tools arm embedded/4.8 2014q3/bin/../lib/gcc/arm-none-eabi/4.8.4/../../../../arm-none-eabi/lib/armv6-m\libc.a
END GROUP
OUTPUT(STM32F0-HMC5883L_Interrupt.elf elf32-littlearm)

.debug_info     0x00000000     0x3f39
 .debug_info    0x00000000      0x12b ..\obj\semihosting.o
 .debug_info    0x0000012b      0x99a ..\obj\stm32f0xx_rcc.o
 .debug_info    0x00000ac5      0x707 ..\obj\main.o
 .debug_info    0x000011cc       0xda ..\obj\startup_stm32f0xx.o
 .debug_info    0x000012a6      0xe38 ..\obj\printf.o
 .debug_info    0x000020de      0xbb3 ..\obj\stm32f0xx_i2c.o
 .debug_info    0x00002c91      0x2ef ..\obj\system_stm32f0xx_temp.o
 .debug_info    0x00002f80      0x5cf ..\obj\stm32f0xx_gpio.o
 .debug_info    0x0000354f       0xcc ..\obj\sh_cmd.o
 .debug_info    0x0000361b      0x30d ..\obj\stm32f0xx_exti.o
 .debug_info    0x00003928      0x2a7 ..\obj\stm32f0xx_syscfg.o
 .debug_info    0x00003bcf      0x36a ..\obj\stm32f0xx_misc.o

.debug_abbrev   0x00000000      0xf5d
 .debug_abbrev  0x00000000       0xab ..\obj\semihosting.o
 .debug_abbrev  0x000000ab      0x1ec ..\obj\stm32f0xx_rcc.o
 .debug_abbrev  0x00000297      0x1b2 ..\obj\main.o
 .debug_abbrev  0x00000449       0x12 ..\obj\startup_stm32f0xx.o
 .debug_abbrev  0x0000045b      0x27e ..\obj\printf.o
 .debug_abbrev  0x000006d9      0x185 ..\obj\stm32f0xx_i2c.o
 .debug_abbrev  0x0000085e      0x134 ..\obj\system_stm32f0xx_temp.o
 .debug_abbrev  0x00000992      0x19b ..\obj\stm32f0xx_gpio.o
 .debug_abbrev  0x00000b2d       0x14 ..\obj\sh_cmd.o
 .debug_abbrev  0x00000b41      0x192 ..\obj\stm32f0xx_exti.o
 .debug_abbrev  0x00000cd3      0x147 ..\obj\stm32f0xx_syscfg.o
 .debug_abbrev  0x00000e1a      0x143 ..\obj\stm32f0xx_misc.o

.debug_aranges  0x00000000      0x5a0
 .debug_aranges
                0x00000000       0x30 ..\obj\semihosting.o
 .debug_aranges
                0x00000030      0x150 ..\obj\stm32f0xx_rcc.o
 .debug_aranges
                0x00000180       0x40 ..\obj\main.o
 .debug_aranges
                0x000001c0       0x28 ..\obj\startup_stm32f0xx.o
 .debug_aranges
                0x000001e8       0xa0 ..\obj\printf.o
 .debug_aranges
                0x00000288      0x168 ..\obj\stm32f0xx_i2c.o
 .debug_aranges
                0x000003f0       0x30 ..\obj\system_stm32f0xx_temp.o
 .debug_aranges
                0x00000420       0x80 ..\obj\stm32f0xx_gpio.o
 .debug_aranges
                0x000004a0       0x20 ..\obj\sh_cmd.o
 .debug_aranges
                0x000004c0       0x58 ..\obj\stm32f0xx_exti.o
 .debug_aranges
                0x00000518       0x58 ..\obj\stm32f0xx_syscfg.o
 .debug_aranges
                0x00000570       0x30 ..\obj\stm32f0xx_misc.o

.debug_ranges   0x00000000      0x4f0
 .debug_ranges  0x00000000       0x20 ..\obj\semihosting.o
 .debug_ranges  0x00000020      0x140 ..\obj\stm32f0xx_rcc.o
 .debug_ranges  0x00000160       0x48 ..\obj\main.o
 .debug_ranges  0x000001a8       0x20 ..\obj\startup_stm32f0xx.o
 .debug_ranges  0x000001c8       0x90 ..\obj\printf.o
 .debug_ranges  0x00000258      0x158 ..\obj\stm32f0xx_i2c.o
 .debug_ranges  0x000003b0       0x20 ..\obj\system_stm32f0xx_temp.o
 .debug_ranges  0x000003d0       0x70 ..\obj\stm32f0xx_gpio.o
 .debug_ranges  0x00000440       0x48 ..\obj\stm32f0xx_exti.o
 .debug_ranges  0x00000488       0x48 ..\obj\stm32f0xx_syscfg.o
 .debug_ranges  0x000004d0       0x20 ..\obj\stm32f0xx_misc.o

.debug_line     0x00000000     0x1f7c
 .debug_line    0x00000000       0xb8 ..\obj\semihosting.o
 .debug_line    0x000000b8      0x539 ..\obj\stm32f0xx_rcc.o
 .debug_line    0x000005f1      0x326 ..\obj\main.o
 .debug_line    0x00000917       0xbd ..\obj\startup_stm32f0xx.o
 .debug_line    0x000009d4      0x3a8 ..\obj\printf.o
 .debug_line    0x00000d7c      0x562 ..\obj\stm32f0xx_i2c.o
 .debug_line    0x000012de      0x1cb ..\obj\system_stm32f0xx_temp.o
 .debug_line    0x000014a9      0x314 ..\obj\stm32f0xx_gpio.o
 .debug_line    0x000017bd       0x8f ..\obj\sh_cmd.o
 .debug_line    0x0000184c      0x28f ..\obj\stm32f0xx_exti.o
 .debug_line    0x00001adb      0x231 ..\obj\stm32f0xx_syscfg.o
 .debug_line    0x00001d0c      0x270 ..\obj\stm32f0xx_misc.o

.debug_str      0x00000000     0x1c1c
 .debug_str     0x00000000      0x15e ..\obj\semihosting.o
                                0x197 (size before relaxing)
 .debug_str     0x0000015e      0x5bf ..\obj\stm32f0xx_rcc.o
                                0x72d (size before relaxing)
 .debug_str     0x0000071d      0x606 ..\obj\main.o
                                0x78c (size before relaxing)
 .debug_str     0x00000d23      0x4d5 ..\obj\printf.o
                                0x68e (size before relaxing)
 .debug_str     0x000011f8      0x3f2 ..\obj\stm32f0xx_i2c.o
                                0x642 (size before relaxing)
 .debug_str     0x000015ea       0xbc ..\obj\system_stm32f0xx_temp.o
                                0x2a4 (size before relaxing)
 .debug_str     0x000016a6      0x197 ..\obj\stm32f0xx_gpio.o
                                0x494 (size before relaxing)
 .debug_str     0x0000183d      0x10a ..\obj\stm32f0xx_exti.o
                                0x337 (size before relaxing)
 .debug_str     0x00001947      0x1a2 ..\obj\stm32f0xx_syscfg.o
                                0x323 (size before relaxing)
 .debug_str     0x00001ae9      0x133 ..\obj\stm32f0xx_misc.o
                                0x2fe (size before relaxing)

.comment        0x00000000       0x70
 .comment       0x00000000       0x70 ..\obj\semihosting.o
                                 0x71 (size before relaxing)
 .comment       0x00000000       0x71 ..\obj\stm32f0xx_rcc.o
 .comment       0x00000000       0x71 ..\obj\main.o
 .comment       0x00000000       0x71 ..\obj\printf.o
 .comment       0x00000000       0x71 ..\obj\stm32f0xx_i2c.o
 .comment       0x00000000       0x71 ..\obj\system_stm32f0xx_temp.o
 .comment       0x00000000       0x71 ..\obj\stm32f0xx_gpio.o
 .comment       0x00000000       0x71 ..\obj\stm32f0xx_exti.o
 .comment       0x00000000       0x71 ..\obj\stm32f0xx_syscfg.o
 .comment       0x00000000       0x71 ..\obj\stm32f0xx_misc.o

.ARM.attributes
                0x00000000       0x2f
 .ARM.attributes
                0x00000000       0x31 ..\obj\semihosting.o
 .ARM.attributes
                0x00000031       0x31 ..\obj\stm32f0xx_rcc.o
 .ARM.attributes
                0x00000062       0x31 ..\obj\main.o
 .ARM.attributes
                0x00000093       0x21 ..\obj\startup_stm32f0xx.o
 .ARM.attributes
                0x000000b4       0x31 ..\obj\printf.o
 .ARM.attributes
                0x000000e5       0x31 ..\obj\stm32f0xx_i2c.o
 .ARM.attributes
                0x00000116       0x31 ..\obj\system_stm32f0xx_temp.o
 .ARM.attributes
                0x00000147       0x31 ..\obj\stm32f0xx_gpio.o
 .ARM.attributes
                0x00000178       0x21 ..\obj\sh_cmd.o
 .ARM.attributes
                0x00000199       0x31 ..\obj\stm32f0xx_exti.o
 .ARM.attributes
                0x000001ca       0x31 ..\obj\stm32f0xx_syscfg.o
 .ARM.attributes
                0x000001fb       0x31 ..\obj\stm32f0xx_misc.o
 .ARM.attributes
                0x0000022c       0x1e d:/program files (x86)/gnu tools arm embedded/4.8 2014q3/bin/../lib/gcc/arm-none-eabi/4.8.4/armv6-m\libgcc.a(_udivsi3.o)
 .ARM.attributes
                0x0000024a       0x1e d:/program files (x86)/gnu tools arm embedded/4.8 2014q3/bin/../lib/gcc/arm-none-eabi/4.8.4/armv6-m\libgcc.a(_dvmd_tls.o)

.debug_frame    0x00000000     0x1248
 .debug_frame   0x00000000       0x70 ..\obj\semihosting.o
 .debug_frame   0x00000070      0x4e4 ..\obj\stm32f0xx_rcc.o
 .debug_frame   0x00000554       0xac ..\obj\main.o
 .debug_frame   0x00000600      0x230 ..\obj\printf.o
 .debug_frame   0x00000830      0x550 ..\obj\stm32f0xx_i2c.o
 .debug_frame   0x00000d80       0x6c ..\obj\system_stm32f0xx_temp.o
 .debug_frame   0x00000dec      0x1b0 ..\obj\stm32f0xx_gpio.o
 .debug_frame   0x00000f9c      0x10c ..\obj\stm32f0xx_exti.o
 .debug_frame   0x000010a8      0x110 ..\obj\stm32f0xx_syscfg.o
 .debug_frame   0x000011b8       0x70 ..\obj\stm32f0xx_misc.o
 .debug_frame   0x00001228       0x20 d:/program files (x86)/gnu tools arm embedded/4.8 2014q3/bin/../lib/gcc/arm-none-eabi/4.8.4/armv6-m\libgcc.a(_udivsi3.o)
